2026-08-17 11:26:32,817 | INFO | ================================================================================
2026-08-17 11:26:32,817 | INFO | YANGO VENDOR BILL IMPORT START
2026-08-17 11:26:32,818 | INFO | Input: C:\Projects\G2G Group\yango-vendor-bill-upload\bills\july_error_fix.csv
2026-08-17 11:26:32,818 | INFO | Output CSV: C:\Projects\G2G Group\yango-vendor-bill-upload\logs\july_error_fix_logs.csv
2026-08-17 11:26:32,818 | INFO | DRY_RUN: False
2026-08-17 11:26:32,818 | INFO | MAX_RECORDS: 100000
2026-08-17 11:26:32,818 | INFO | ACCOUNTING_DATE_MODE: bill_date
2026-08-17 11:26:32,819 | INFO | Account / Tax / Analytic Distribution: all read per-row from the CSV. No hardcoded fallback for any of them. An empty Tax cell means no withholding.
2026-08-17 11:26:32,819 | INFO | RPC_MAX_RETRIES=3 | RPC_RETRY_DELAY_SECONDS=3.0
2026-08-17 11:26:32,819 | INFO | ================================================================================
2026-08-17 11:26:33,777 | INFO | Connected to Odoo https://production.g2gitsolutions.com | DB=production | UID=748 | Version=17.0+e-20260723
2026-08-17 11:26:34,283 | INFO | Payment journal: Tele Short Code 525020 | ID=59 | type=bank
2026-08-17 11:26:34,456 | WARNING | Name mismatch for Vendor ID='68d2efba8f994330a20e181da78b997b': Odoo partner name is 'Werdofa Doji', CSV Partner is 'DOJI WORDOFA BEDANE'. Proceeding using Vendor ID match (Odoo name wins).
2026-08-17 11:26:34,599 | WARNING | DUPLICATE | row=2 | ref=CG87EDFYIX | existing_bill=1010704 | state=posted | payment_state=in_payment
2026-08-17 11:26:34,777 | WARNING | Name mismatch for Vendor ID='e03bd9023c8a4a298a8dbff5ae113082': Odoo partner name is 'Workneh Eneyew', CSV Partner is 'Werkeneh Eneyew Mekonen'. Proceeding using Vendor ID match (Odoo name wins).
2026-08-17 11:26:34,926 | WARNING | DUPLICATE | row=3 | ref=CG80EDG4Y4 | existing_bill=1010706 | state=posted | payment_state=in_payment
2026-08-17 11:26:35,083 | WARNING | Name mismatch for Vendor ID='17136193de134a2c865141a8ea10342c': Odoo partner name is 'Debalke Worku', CSV Partner is 'Worku Debalke Melese-2c'. Proceeding using Vendor ID match (Odoo name wins).
2026-08-17 11:26:35,217 | WARNING | DUPLICATE | row=4 | ref=CG82EDGTQO | existing_bill=1010708 | state=posted | payment_state=in_payment
2026-08-17 11:26:35,370 | WARNING | Name mismatch for Vendor ID='331718a2849e4ef0b4e51c98cb87fa10': Odoo partner name is 'Mebratu Berhanu', CSV Partner is 'Berhanu Mebratu Ejigu'. Proceeding using Vendor ID match (Odoo name wins).
2026-08-17 11:26:35,509 | WARNING | DUPLICATE | row=5 | ref=CG81EDI1IR | existing_bill=1010710 | state=posted | payment_state=in_payment
2026-08-17 11:26:35,685 | WARNING | Name mismatch for Vendor ID='331718a2849e4ef0b4e51c98cb87fa10': Odoo partner name is 'Mebratu Berhanu', CSV Partner is 'Berhanu Mebratu Ejigu'. Proceeding using Vendor ID match (Odoo name wins).
2026-08-17 11:26:35,828 | WARNING | DUPLICATE | row=6 | ref=CGA4FKY3LQ | existing_bill=1010712 | state=posted | payment_state=in_payment
